Traceback (most recent call last):
  File "C:\Users\aland\AppData\Local\pypoetry\Cache\virtualenvs\proyecto-mineria-MvYf1O-p-py3.12\Lib\site-packages\jupyter_cache\executors\utils.py", line 58, in single_nb_execution
    executenb(
  File "C:\Users\aland\AppData\Local\pypoetry\Cache\virtualenvs\proyecto-mineria-MvYf1O-p-py3.12\Lib\site-packages\nbclient\client.py", line 1314, in execute
    return NotebookClient(nb=nb, resources=resources, km=km, **kwargs).execute()
           ^^^^^^^^^^^^^^^^^^^^^^^^^^^^^^^^^^^^^^^^^^^^^^^^^^^^^^^^^^^^^^^^^^^^^
  File "C:\Users\aland\AppData\Local\pypoetry\Cache\virtualenvs\proyecto-mineria-MvYf1O-p-py3.12\Lib\site-packages\jupyter_core\utils\__init__.py", line 165, in wrapped
    return loop.run_until_complete(inner)
           ^^^^^^^^^^^^^^^^^^^^^^^^^^^^^^
  File "C:\Users\aland\AppData\Local\Programs\Python\Python312\Lib\asyncio\base_events.py", line 687, in run_until_complete
    return future.result()
           ^^^^^^^^^^^^^^^
  File "C:\Users\aland\AppData\Local\pypoetry\Cache\virtualenvs\proyecto-mineria-MvYf1O-p-py3.12\Lib\site-packages\nbclient\client.py", line 709, in async_execute
    await self.async_execute_cell(
  File "C:\Users\aland\AppData\Local\pypoetry\Cache\virtualenvs\proyecto-mineria-MvYf1O-p-py3.12\Lib\site-packages\nbclient\client.py", line 1062, in async_execute_cell
    await self._check_raise_for_error(cell, cell_index, exec_reply)
  File "C:\Users\aland\AppData\Local\pypoetry\Cache\virtualenvs\proyecto-mineria-MvYf1O-p-py3.12\Lib\site-packages\nbclient\client.py", line 918, in _check_raise_for_error
    raise CellExecutionError.from_cell_and_msg(cell, exec_reply_content)
nbclient.exceptions.CellExecutionError: An error occurred while executing the following cell:
------------------
from google.cloud import bigquery
from sklearn.model_selection import train_test_split
from sklearn.linear_model import LinearRegression
from sklearn.metrics import mean_squared_error
import os
import pandas as pd

# Establece la ruta a tu archivo de credenciales JSON
os.environ["GOOGLE_APPLICATION_CREDENTIALS"] = "/content/proyectomineria-439102-df17fc58ecfb.json"

# Crea el cliente de BigQuery
client = bigquery.Client(project='proyectomineria-439102')

# Define la consulta SQL para obtener los datos de BigQuery
# Enclose column names with spaces or special characters in backticks (`)
query = """
    SELECT Population, `Per capita GNI`,
           `Exports of goods and services`,
           `Final consumption expenditure`,
           `General government final consumption expenditure`,
           `Gross capital formation`,
           'Mining_ Manufacturing_ Utilities _ISIC C-E_' as Mining_Manufacturing_Utilities_ISIC_CE,
           'Wholesale_ retail trade_ restaurants and hotels _ISIC G-H_' as Wholesale_retail_trade_restaurants_and_hotels_ISIC_GH,
           `Gross Domestic Product _GDP_`
    FROM `proyectomineria-439102.GlobalEconomyIndicators.data_gei`
    WHERE Population IS NOT NULL
      AND `Per capita GNI` IS NOT NULL
      AND `Exports of goods and services` IS NOT NULL
      AND `Final consumption expenditure` IS NOT NULL
      AND `Gross Domestic Product _GDP_` IS NOT NULL
"""

# Ejecuta la consulta y convierte los resultados a un DataFrame
df = client.query(query).to_dataframe()

df = df.dropna()

X = df[['Population', 'Per capita GNI',
                'Exports of goods and services',
                'Final consumption expenditure',
                'General government final consumption expenditure',
                'Gross capital formation',
                'Mining_Manufacturing_Utilities_ISIC_CE',
                'Wholesale_retail_trade_restaurants_and_hotels_ISIC_GH']]

y = df['Gross Domestic Product _GDP_']

# Dividimos los datos en conjunto de entrenamiento y prueba
X_train, X_test, y_train, y_test = train_test_split(X, y, test_size=0.2, random_state=42)

# Entrenamos el modelo de regresión lineal
model = LinearRegression()
model.fit(X_train, y_train)

# Hacemos predicciones en el conjunto de prueba
y_pred = model.predict(X_test)

# Calculamos el error cuadrático medio (MSE)
mse = mean_squared_error(y_test, y_pred)

# Mostramos los coeficientes del modelo y el error
print(f"Error cuadrático medio (MSE): {mse}")
print(f"Coeficientes del modelo: {model.coef_}")
------------------


[1;31m---------------------------------------------------------------------------[0m
[1;31mModuleNotFoundError[0m                       Traceback (most recent call last)
Cell [1;32mIn[1], line 1[0m
[1;32m----> 1[0m [38;5;28;01mfrom[39;00m [38;5;21;01mgoogle[39;00m[38;5;21;01m.[39;00m[38;5;21;01mcloud[39;00m [38;5;28;01mimport[39;00m bigquery
[0;32m      2[0m [38;5;28;01mfrom[39;00m [38;5;21;01msklearn[39;00m[38;5;21;01m.[39;00m[38;5;21;01mmodel_selection[39;00m [38;5;28;01mimport[39;00m train_test_split
[0;32m      3[0m [38;5;28;01mfrom[39;00m [38;5;21;01msklearn[39;00m[38;5;21;01m.[39;00m[38;5;21;01mlinear_model[39;00m [38;5;28;01mimport[39;00m LinearRegression

[1;31mModuleNotFoundError[0m: No module named 'google'

